timestamp,frame_id,hand,gesture
2025-09-27T11:27:27.327414,71,Right,Right_Open_Hand
2025-09-27T11:27:27.361066,72,Right,Right_Open_Hand
2025-09-27T11:27:27.411244,73,Right,Right_Open_Hand
2025-09-27T11:27:27.452152,74,Right,Right_Open_Hand
2025-09-27T11:27:27.479348,75,Right,Right_Open_Hand
2025-09-27T11:27:27.512759,76,Right,Right_Open_Hand
2025-09-27T11:27:27.562727,77,Right,Right_Open_Hand
2025-09-27T11:27:27.597008,78,Right,Right_Open_Hand
2025-09-27T11:27:27.675645,79,Right,Right_Open_Hand
2025-09-27T11:27:27.710337,80,Right,Right_Open_Hand
2025-09-27T11:27:27.779881,81,Right,Right_Open_Hand
2025-09-27T11:27:27.832993,82,Right,Right_Open_Hand
2025-09-27T11:27:27.886789,83,Right,Right_Open_Hand
2025-09-27T11:27:27.938323,84,Right,Right_Open_Hand
2025-09-27T11:27:27.986257,85,Right,Right_Open_Hand
2025-09-27T11:27:28.031787,86,Right,Right_Open_Hand
2025-09-27T11:27:28.061707,87,Right,Right_Open_Hand
2025-09-27T11:27:28.106992,88,Right,Right_Open_Hand
2025-09-27T11:27:28.144967,89,Right,Right_Open_Hand
2025-09-27T11:27:28.186882,90,Right,Right_Open_Hand
2025-09-27T11:27:28.220221,91,Right,Right_Open_Hand
2025-09-27T11:27:28.280500,92,Right,Right_Open_Hand
2025-09-27T11:27:28.314934,93,Right,Right_Open_Hand
2025-09-27T11:27:28.389195,94,Right,Right_Open_Hand
2025-09-27T11:27:28.442531,95,Right,Right_Open_Hand
2025-09-27T11:27:28.472128,96,Right,Right_Open_Hand
2025-09-27T11:27:28.565105,97,Right,Right_Open_Hand
2025-09-27T11:27:28.608646,98,Right,Right_Open_Hand
2025-09-27T11:27:28.657795,99,Right,Right_Open_Hand
2025-09-27T11:27:28.691385,100,Right,Right_Open_Hand
2025-09-27T11:27:28.770218,101,Right,Right_Open_Hand
2025-09-27T11:27:29.054613,108,Right,Right_Thumbs_Up
2025-09-27T11:27:29.098542,109,Right,Right_Thumbs_Up
2025-09-27T11:27:29.154681,110,Right,Right_Thumbs_Up
2025-09-27T11:27:29.183360,111,Right,Right_Thumbs_Up
2025-09-27T11:27:29.233026,112,Right,Right_Thumbs_Up
2025-09-27T11:27:29.267070,113,Right,Right_Thumbs_Up
2025-09-27T11:27:29.336835,114,Right,Right_2Fingers
2025-09-27T11:27:29.382988,115,Right,Right_4Fingers
2025-09-27T11:27:29.424344,116,Right,Right_4Fingers
2025-09-27T11:27:29.468342,117,Right,Right_4Fingers
2025-09-27T11:27:29.502781,118,Right,Right_4Fingers
2025-09-27T11:27:29.537817,119,Right,Right_4Fingers
2025-09-27T11:27:29.577122,120,Right,Right_4Fingers
2025-09-27T11:27:29.625051,121,Right,Right_4Fingers
2025-09-27T11:27:29.677089,122,Right,Right_3Fingers
2025-09-27T11:27:29.720685,123,Right,Right_4Fingers
2025-09-27T11:27:29.771625,124,Right,Right_4Fingers
2025-09-27T11:27:29.831266,125,Right,Right_4Fingers
2025-09-27T11:27:29.864762,126,Right,Right_3Fingers
2025-09-27T11:27:29.953344,127,Right,Right_4Fingers
2025-09-27T11:27:30.031171,128,Right,Right_4Fingers
2025-09-27T11:27:30.100838,129,Right,Right_3Fingers
2025-09-27T11:27:30.166196,130,Right,Right_2Fingers
2025-09-27T11:27:30.231888,131,Right,Right_Hand_Down
2025-09-27T11:27:30.318830,132,Right,Right_2Fingers
2025-09-27T11:27:30.393174,133,Right,Right_2Fingers
2025-09-27T11:27:30.459525,134,Right,Right_2Fingers
2025-09-27T11:27:30.530588,135,Right,Right_1Fingers
2025-09-27T11:27:30.613824,136,Right,Right_2Fingers
2025-09-27T11:27:30.687748,137,Right,Right_2Fingers
2025-09-27T11:27:30.765347,138,Right,Right_2Fingers
2025-09-27T11:27:30.849424,139,Right,Right_2Fingers
2025-09-27T11:27:30.924833,140,Right,Right_2Fingers
2025-09-27T11:27:30.999310,141,Right,Right_2Fingers
2025-09-27T11:27:31.078787,142,Right,Right_2Fingers
2025-09-27T11:27:31.145205,143,Right,Right_2Fingers
2025-09-27T11:27:31.217900,144,Right,Right_2Fingers
2025-09-27T11:27:31.292468,145,Right,Right_2Fingers
2025-09-27T11:27:31.362625,146,Right,Right_2Fingers
2025-09-27T11:27:31.438844,147,Right,Right_2Fingers
2025-09-27T11:27:31.518462,148,Right,Right_2Fingers
2025-09-27T11:27:31.589720,149,Right,Right_2Fingers
2025-09-27T11:27:31.656180,150,Right,Right_Thumbs_Up
2025-09-27T11:27:31.733624,151,Right,Right_Thumbs_Up
2025-09-27T11:27:32.105703,158,Right,Right_2Fingers
2025-09-27T11:27:32.166364,159,Right,Right_2Fingers
2025-09-27T11:27:32.243949,160,Right,Right_2Fingers
2025-09-27T11:27:32.315456,161,Right,Right_3Fingers
2025-09-27T11:27:32.406418,162,Right,Right_3Fingers
2025-09-27T11:27:32.481332,163,Right,Right_2Fingers
2025-09-27T11:27:32.559442,164,Right,Right_2Fingers
2025-09-27T11:27:32.625776,165,Right,Right_2Fingers
2025-09-27T11:27:32.693918,166,Right,Right_2Fingers
2025-09-27T11:27:32.782065,167,Right,Right_2Fingers
2025-09-27T11:27:32.877952,168,Right,Right_3Fingers
2025-09-27T11:27:32.931444,169,Right,Right_3Fingers
2025-09-27T11:27:32.975848,170,Right,Right_4Fingers
2025-09-27T11:27:33.012682,171,Right,Right_3Fingers
2025-09-27T11:27:33.065116,172,Right,Right_Open_Hand
2025-09-27T11:27:33.131467,173,Right,Right_Thumbs_Up
2025-09-27T11:27:33.131467,173,Right,Right_Thumbs_Up
2025-09-27T11:27:33.163568,174,Right,Right_Thumbs_Up
2025-09-27T11:27:33.200904,175,Right,Right_Thumbs_Up
2025-09-27T11:27:33.234315,176,Right,Right_Thumbs_Down
2025-09-27T11:27:33.317027,177,Right,Right_Thumbs_Down
2025-09-27T11:27:33.380166,178,Right,Right_Thumbs_Down
2025-09-27T11:27:33.464299,179,Right,Right_Thumbs_Down
2025-09-27T11:27:33.511526,180,Right,Right_Thumbs_Down
2025-09-27T11:27:33.564458,181,Right,Right_Thumbs_Down
2025-09-27T11:27:33.623769,182,Right,Right_Thumbs_Down
2025-09-27T11:27:33.690119,183,Right,Right_Thumbs_Down
2025-09-27T11:27:33.740319,184,Right,Right_Thumbs_Down
2025-09-27T11:27:33.791479,185,Right,Right_Thumbs_Down
2025-09-27T11:27:33.867246,186,Right,Right_Thumbs_Down
2025-09-27T11:27:33.907613,187,Right,Right_Thumbs_Down
2025-09-27T11:27:33.966655,188,Right,Right_Thumbs_Down
2025-09-27T11:27:34.011098,189,Right,Right_Thumbs_Down
2025-09-27T11:27:34.065857,190,Right,Right_Thumbs_Down
2025-09-27T11:27:34.114450,191,Right,Right_Thumbs_Down
2025-09-27T11:27:34.197316,192,Right,Right_Thumbs_Down
2025-09-27T11:27:34.246881,193,Right,Right_Thumbs_Down
2025-09-27T11:27:34.298169,194,Right,Right_Thumbs_Down
2025-09-27T11:27:34.348479,195,Right,Right_Thumbs_Down
2025-09-27T11:27:34.405565,196,Right,Right_Thumbs_Down
2025-09-27T11:27:34.440148,197,Right,Right_Thumbs_Down
2025-09-27T11:27:34.514927,198,Right,Right_Thumbs_Down
2025-09-27T11:27:34.583223,199,Right,Right_Thumbs_Down
2025-09-27T11:27:34.656192,200,Right,Right_Thumbs_Down
2025-09-27T11:27:34.709129,201,Right,Right_Thumbs_Down
2025-09-27T11:27:34.752923,202,Right,Right_Thumbs_Down
2025-09-27T11:27:34.808611,203,Right,Right_Thumbs_Down
2025-09-27T11:27:34.874202,204,Right,Right_Thumbs_Down
2025-09-27T11:27:34.926911,205,Left,Left_4Fingers
2025-09-27T11:27:34.986905,206,Right,Right_Open_Hand
2025-09-27T11:27:35.372521,214,Left,Left_4Fingers
2025-09-27T11:27:35.450719,215,Left,Left_Thumbs_Down
2025-09-27T11:27:35.527362,216,Left,Left_Thumbs_Down
2025-09-27T11:27:35.585466,217,Left,Left_Thumbs_Down
2025-09-27T11:27:35.642056,218,Left,Left_Thumbs_Down
2025-09-27T11:27:35.687240,219,Left,Left_Thumbs_Down
2025-09-27T11:27:35.718293,220,Left,Left_Thumbs_Down
2025-09-27T11:27:35.770311,221,Left,Left_Thumbs_Down
2025-09-27T11:27:35.834909,222,Left,Left_Thumbs_Down
2025-09-27T11:27:35.904886,223,Left,Left_Thumbs_Down
2025-09-27T11:27:35.956675,224,Left,Left_Thumbs_Down
2025-09-27T11:27:36.014747,225,Left,Left_Thumbs_Down
2025-09-27T11:27:36.070667,226,Left,Left_Thumbs_Down
2025-09-27T11:27:36.094976,227,Left,Left_Thumbs_Down
2025-09-27T11:27:36.161251,228,Left,Left_Thumbs_Down
2025-09-27T11:27:36.228985,229,Left,Left_Thumbs_Down
2025-09-27T11:27:36.304030,230,Left,Left_Thumbs_Down
2025-09-27T11:27:36.343331,231,Left,Left_Thumbs_Down
2025-09-27T11:27:36.394248,232,Left,Left_Thumbs_Down
2025-09-27T11:27:36.452505,233,Left,Left_Thumbs_Down
2025-09-27T11:27:36.486774,234,Left,Left_Thumbs_Down
2025-09-27T11:27:36.546321,235,Left,Left_Thumbs_Down
2025-09-27T11:27:36.582652,236,Left,Left_Thumbs_Down
2025-09-27T11:27:36.655035,237,Left,Left_Thumbs_Down
2025-09-27T11:27:36.689084,238,Left,Left_Thumbs_Up
2025-09-27T11:27:36.723886,239,Left,Left_Thumbs_Up
2025-09-27T11:27:36.959193,244,Left,Left_1Fingers
2025-09-27T11:27:37.007881,245,Left,Left_Hand_Down
2025-09-27T11:27:37.055579,246,Left,Left_Hand_Down
2025-09-27T11:27:37.092096,247,Left,Left_Hand_Down
2025-09-27T11:27:37.181419,248,Left,Left_Hand_Down
2025-09-27T11:27:37.251767,249,Left,Left_Hand_Down
2025-09-27T11:27:37.329558,250,Left,Left_Hand_Down
2025-09-27T11:27:37.390049,251,Left,Left_Hand_Down
2025-09-27T11:27:37.446491,252,Left,Left_Hand_Down
2025-09-27T11:27:37.485146,253,Left,Left_Hand_Down
2025-09-27T11:27:37.525408,254,Left,Left_Hand_Down
2025-09-27T11:27:37.561858,255,Left,Left_Hand_Down
2025-09-27T11:27:37.607714,256,Left,Left_Hand_Down
2025-09-27T11:27:37.671444,257,Left,Left_Hand_Down
2025-09-27T11:27:37.712974,258,Left,Left_Hand_Down
2025-09-27T11:27:37.760099,259,Left,Left_Hand_Down
2025-09-27T11:27:37.810540,260,Left,Left_Hand_Down
2025-09-27T11:27:37.844799,261,Left,Left_Hand_Down
2025-09-27T11:27:37.897235,262,Left,Left_1Fingers
2025-09-27T11:27:37.936301,263,Left,Left_1Fingers
2025-09-27T11:27:37.986493,264,Left,Left_Hand_Down
2025-09-27T11:27:38.046175,265,Left,Left_Hand_Down
2025-09-27T11:27:38.128654,266,Left,Left_Hand_Down
2025-09-27T11:27:38.214607,267,Left,Left_Hand_Down
2025-09-27T11:27:38.287517,268,Left,Left_Hand_Down
2025-09-27T11:27:38.315383,269,Left,Left_Hand_Down
2025-09-27T11:27:38.383399,270,Left,Left_Hand_Down
2025-09-27T11:27:38.423791,271,Left,Left_Hand_Down
2025-09-27T11:27:38.475710,272,Left,Left_Hand_Down
2025-09-27T11:27:38.540797,273,Left,Left_Hand_Down
2025-09-27T11:27:38.610397,274,Left,Left_Hand_Down
2025-09-27T11:27:38.668984,275,Left,Left_Hand_Down
2025-09-27T11:27:38.727347,276,Left,Left_Hand_Down
2025-09-27T11:27:38.777481,277,Left,Left_Hand_Down
2025-09-27T11:27:38.843721,278,Left,Left_Hand_Down
2025-09-27T11:27:38.922280,279,Left,Left_1Fingers
2025-09-27T11:27:38.992427,280,Left,Left_IndexThumb_Open
2025-09-27T11:27:39.068079,281,Left,Left_IndexThumb_Open
2025-09-27T11:27:39.124046,282,Left,Left_IndexThumb_Open
2025-09-27T11:27:39.177186,283,Left,Left_IndexThumb_Open
2025-09-27T11:27:39.218080,284,Left,Left_IndexThumb_Open
2025-09-27T11:27:39.285855,285,Left,Left_IndexThumb_Open
2025-09-27T11:27:39.335643,286,Left,Left_IndexThumb_Open
2025-09-27T11:27:39.401605,287,Left,Left_IndexThumb_Open
2025-09-27T11:27:39.483427,288,Left,Left_IndexThumb_Open
2025-09-27T11:27:39.537181,289,Left,Left_IndexThumb_Open
2025-09-27T11:27:39.593914,290,Left,Left_IndexThumb_Open
2025-09-27T11:27:39.639598,291,Left,Left_IndexThumb_Open
2025-09-27T11:27:39.721416,292,Left,Left_IndexThumb_Open
2025-09-27T11:27:39.764897,293,Left,Left_IndexThumb_Open
2025-09-27T11:27:39.799671,294,Left,Left_IndexThumb_Open
2025-09-27T11:27:39.858234,295,Left,Left_IndexThumb_Open
2025-09-27T11:27:39.959837,296,Left,Left_IndexThumb_Open
2025-09-27T11:27:40.063863,297,Left,Left_IndexThumb_Open
2025-09-27T11:27:40.111465,298,Left,Left_IndexThumb_Open
2025-09-27T11:27:40.177512,299,Left,Left_IndexThumb_Open
2025-09-27T11:27:40.237879,300,Left,Left_IndexThumb_Open
2025-09-27T11:27:40.280540,301,Left,Left_IndexThumb_Open
2025-09-27T11:27:40.340726,302,Left,Left_IndexThumb_Open
2025-09-27T11:27:40.405193,303,Left,Left_IndexThumb_Open
2025-09-27T11:27:40.439946,304,Left,Left_IndexThumb_Open
2025-09-27T11:27:40.488984,305,Left,Left_IndexThumb_Open
2025-09-27T11:27:40.573253,306,Left,Left_IndexThumb_Open
2025-09-27T11:27:40.608603,307,Left,Left_IndexThumb_Open
2025-09-27T11:27:40.661517,308,Left,Left_IndexThumb_Open
2025-09-27T11:27:40.694112,309,Left,Left_IndexThumb_Open
2025-09-27T11:27:40.744028,310,Left,Left_IndexThumb_Open
2025-09-27T11:27:40.811721,311,Left,Left_Thumbs_Down
2025-09-27T11:27:40.877469,312,Left,Left_Thumbs_Down
2025-09-27T11:27:40.912075,313,Left,Left_Thumbs_Down
2025-09-27T11:27:41.299193,320,Right,Right_2Fingers
2025-09-27T11:27:41.358688,321,Right,Right_3Fingers
2025-09-27T11:27:41.408979,322,Right,Right_3Fingers
2025-09-27T11:27:41.452180,323,Right,Right_3Fingers
2025-09-27T11:27:41.498737,324,Right,Right_3Fingers
2025-09-27T11:27:41.593283,325,Right,Right_3Fingers
2025-09-27T11:27:41.626802,326,Right,Right_3Fingers
2025-09-27T11:27:41.688050,327,Right,Right_4Fingers
2025-09-27T11:27:41.737631,328,Right,Right_4Fingers
2025-09-27T11:27:41.815014,329,Right,Right_4Fingers
2025-09-27T11:27:41.874623,330,Right,Right_4Fingers
2025-09-27T11:27:41.918842,331,Right,Right_4Fingers
2025-09-27T11:27:41.983503,332,Right,Right_4Fingers
2025-09-27T11:27:42.034811,333,Right,Right_3Fingers
2025-09-27T11:27:42.113525,334,Right,Right_3Fingers
2025-09-27T11:27:42.159550,335,Right,Right_4Fingers
2025-09-27T11:27:42.218202,336,Right,Right_4Fingers
2025-09-27T11:27:42.268536,337,Right,Right_3Fingers
2025-09-27T11:27:42.318361,338,Right,Right_3Fingers
2025-09-27T11:27:42.386221,339,Right,Right_Thumbs_Down
2025-09-27T11:27:42.461954,340,Right,Right_Thumbs_Down
2025-09-27T11:27:42.509050,341,Right,Right_IndexThumb_Open
2025-09-27T11:27:42.602876,342,Right,Right_IndexThumb_Open
2025-09-27T11:27:42.656334,343,Right,Right_IndexThumb_Open
2025-09-27T11:27:42.706726,344,Right,Right_IndexThumb_Open
2025-09-27T11:27:42.750000,345,Right,Right_Open_Hand
2025-09-27T11:27:42.804431,346,Right,Right_3Fingers
2025-09-27T11:27:42.842707,347,Right,Right_4Fingers
2025-09-27T11:27:42.892438,348,Right,Right_3Fingers
2025-09-27T11:27:42.959241,349,Right,Right_IndexThumb_Open
2025-09-27T11:27:43.032381,350,Right,Right_IndexThumb_Open
2025-09-27T11:27:43.083409,351,Right,Right_IndexThumb_Open
2025-09-27T11:27:43.146315,352,Right,Right_IndexThumb_Open
2025-09-27T11:27:43.191318,353,Right,Right_IndexThumb_Open
2025-09-27T11:27:43.271001,354,Right,Right_IndexThumb_Open
2025-09-27T11:27:43.354755,355,Right,Right_IndexThumb_Open
2025-09-27T11:27:43.390277,356,Right,Right_IndexThumb_Open
2025-09-27T11:27:43.468725,357,Right,Right_IndexThumb_Open
2025-09-27T11:27:43.535739,358,Right,Right_IndexThumb_Open
2025-09-27T11:27:43.593799,359,Right,Right_IndexThumb_Open
2025-09-27T11:27:43.644892,360,Right,Right_IndexThumb_Open
2025-09-27T11:27:43.716147,361,Right,Right_IndexThumb_Open
2025-09-27T11:27:43.769433,362,Right,Right_1Fingers
2025-09-27T11:27:43.851491,363,Right,Right_IndexThumb_Open
2025-09-27T11:27:43.905668,364,Right,Right_IndexThumb_Open
2025-09-27T11:27:43.972291,365,Right,Right_IndexThumb_Open
2025-09-27T11:27:44.023437,366,Right,Right_IndexThumb_Open
2025-09-27T11:27:44.124402,367,Right,Right_IndexThumb_Open
2025-09-27T11:27:44.206359,368,Right,Right_IndexThumb_Open
2025-09-27T11:27:44.268333,369,Right,Right_3Fingers
2025-09-27T11:27:44.319001,370,Right,Right_2Fingers
2025-09-27T11:27:44.401697,371,Right,Right_2Fingers
2025-09-27T11:27:44.463760,372,Right,Right_1Fingers
2025-09-27T11:27:44.463760,372,Right,Right_2Fingers
2025-09-27T11:27:44.503116,373,Right,Right_2Fingers
2025-09-27T11:27:44.503116,373,Right,Right_2Fingers
2025-09-27T11:27:44.546387,374,Right,Right_2Fingers
2025-09-27T11:27:44.602331,375,Right,Right_2Fingers
2025-09-27T11:27:44.651751,376,Right,Right_2Fingers
2025-09-27T11:27:44.651751,376,Right,Right_2Fingers
2025-09-27T11:27:44.705867,377,Right,Right_2Fingers
2025-09-27T11:27:44.749488,378,Right,Right_2Fingers
2025-09-27T11:27:44.800696,379,Right,Right_2Fingers
2025-09-27T11:27:44.863714,380,Right,Right_2Fingers
2025-09-27T11:27:44.866375,380,Right,Right_2Fingers
2025-09-27T11:27:44.900266,381,Right,Right_2Fingers
2025-09-27T11:27:44.983780,382,Right,Right_2Fingers
2025-09-27T11:27:44.983780,382,Right,Right_2Fingers
2025-09-27T11:27:45.017276,383,Right,Right_2Fingers
2025-09-27T11:27:45.078753,384,Right,Right_2Fingers
2025-09-27T11:27:45.078753,384,Right,Right_2Fingers
2025-09-27T11:27:45.118241,385,Right,Right_2Fingers
2025-09-27T11:27:45.170945,386,Right,Right_2Fingers
2025-09-27T11:27:45.170945,386,Right,Right_2Fingers
2025-09-27T11:27:45.213201,387,Right,Right_2Fingers
2025-09-27T11:27:45.271221,388,Right,Right_2Fingers
2025-09-27T11:27:45.271221,388,Right,Right_2Fingers
2025-09-27T11:27:45.311256,389,Right,Right_2Fingers
2025-09-27T11:27:45.406301,390,Right,Right_2Fingers
2025-09-27T11:27:45.406301,390,Right,Right_2Fingers
2025-09-27T11:27:45.440741,391,Right,Right_2Fingers
2025-09-27T11:27:45.553757,392,Right,Right_2Fingers
2025-09-27T11:27:45.553757,392,Right,Right_2Fingers
2025-09-27T11:27:45.598721,393,Right,Right_2Fingers
2025-09-27T11:27:45.682812,394,Right,Right_2Fingers
2025-09-27T11:27:45.683803,394,Right,Right_2Fingers
2025-09-27T11:27:45.718069,395,Right,Right_2Fingers
2025-09-27T11:27:45.768813,396,Right,Right_4Fingers
2025-09-27T11:27:45.842320,397,Right,Right_4Fingers
2025-09-27T11:27:45.884452,398,Right,Right_2Fingers
2025-09-27T11:27:45.936319,399,Right,Right_4Fingers
2025-09-27T11:27:46.001961,400,Left,Left_Open_Hand
2025-09-27T11:27:46.075017,401,Left,Left_Open_Hand
2025-09-27T11:27:46.155649,402,Left,Left_Open_Hand
2025-09-27T11:27:46.206192,403,Left,Left_Open_Hand
2025-09-27T11:27:46.257216,404,Left,Left_Open_Hand
2025-09-27T11:27:46.295629,405,Left,Left_Open_Hand
2025-09-27T11:27:46.346812,406,Left,Left_Open_Hand
2025-09-27T11:27:46.425191,407,Left,Left_Open_Hand
2025-09-27T11:27:46.468781,408,Left,Left_Open_Hand
2025-09-27T11:27:46.546030,409,Left,Left_Open_Hand
2025-09-27T11:27:46.596778,410,Left,Left_Open_Hand
2025-09-27T11:27:46.641734,411,Left,Left_Open_Hand
2025-09-27T11:27:46.687084,412,Left,Left_Open_Hand
2025-09-27T11:27:46.780319,413,Left,Left_Open_Hand
2025-09-27T11:27:46.865657,414,Left,Left_Open_Hand
2025-09-27T11:27:46.941792,415,Left,Left_Open_Hand
2025-09-27T11:27:46.990842,416,Left,Left_Open_Hand
2025-09-27T11:27:47.081341,417,Left,Left_Open_Hand
2025-09-27T11:27:47.156171,418,Left,Left_Open_Hand
2025-09-27T11:27:47.217548,419,Left,Left_Open_Hand
2025-09-27T11:27:47.283520,420,Right,Right_Open_Hand
2025-09-27T11:27:47.283520,420,Left,Left_Open_Hand
2025-09-27T11:27:47.350205,421,Right,Right_Open_Hand
2025-09-27T11:27:47.350205,421,Left,Left_Open_Hand
2025-09-27T11:27:47.400952,422,Right,Right_Open_Hand
2025-09-27T11:27:47.400952,422,Left,Left_Open_Hand
2025-09-27T11:27:47.452512,423,Right,Right_Open_Hand
2025-09-27T11:27:47.452512,423,Left,Left_Open_Hand
2025-09-27T11:27:47.499831,424,Right,Right_Open_Hand
2025-09-27T11:27:47.501843,424,Left,Left_Open_Hand
2025-09-27T11:27:47.546036,425,Right,Right_Open_Hand
2025-09-27T11:27:47.546036,425,Left,Left_Open_Hand
2025-09-27T11:27:47.612701,426,Right,Right_Open_Hand
2025-09-27T11:27:47.612701,426,Left,Left_Open_Hand
2025-09-27T11:27:47.698006,427,Right,Right_Open_Hand
2025-09-27T11:27:47.698006,427,Left,Left_Open_Hand
2025-09-27T11:27:47.742177,428,Right,Right_Open_Hand
2025-09-27T11:27:47.742177,428,Left,Left_Open_Hand
2025-09-27T11:27:47.820037,429,Right,Right_Open_Hand
2025-09-27T11:27:47.820037,429,Left,Left_Open_Hand
2025-09-27T11:27:47.871847,430,Right,Right_Open_Hand
2025-09-27T11:27:47.873866,430,Left,Left_Open_Hand
2025-09-27T11:27:47.900334,431,Right,Right_Open_Hand
2025-09-27T11:27:47.900334,431,Left,Left_Open_Hand
2025-09-27T11:27:47.958568,432,Right,Right_Open_Hand
2025-09-27T11:27:47.958568,432,Left,Left_Open_Hand
2025-09-27T11:27:47.984744,433,Right,Right_Open_Hand
2025-09-27T11:27:47.984744,433,Left,Left_Open_Hand
2025-09-27T11:27:48.041587,434,Right,Right_Open_Hand
2025-09-27T11:27:48.041587,434,Left,Left_Open_Hand
2025-09-27T11:27:48.108277,435,Right,Right_Open_Hand
2025-09-27T11:27:48.108277,435,Left,Left_Open_Hand
2025-09-27T11:27:48.170509,436,Right,Right_Open_Hand
2025-09-27T11:27:48.170509,436,Left,Left_Open_Hand
2025-09-27T11:27:48.233208,437,Right,Right_Open_Hand
2025-09-27T11:27:48.233208,437,Left,Left_Open_Hand
2025-09-27T11:27:48.299138,438,Right,Right_Open_Hand
2025-09-27T11:27:48.312207,438,Left,Left_Open_Hand
2025-09-27T11:27:48.348615,439,Right,Right_Open_Hand
2025-09-27T11:27:48.348615,439,Left,Left_Open_Hand
2025-09-27T11:27:48.422157,440,Right,Right_Open_Hand
2025-09-27T11:27:48.422157,440,Left,Left_Open_Hand
2025-09-27T11:27:48.472788,441,Right,Right_Open_Hand
2025-09-27T11:27:48.472788,441,Left,Left_Open_Hand
2025-09-27T11:27:48.514400,442,Right,Right_Open_Hand
2025-09-27T11:27:48.514400,442,Left,Left_Open_Hand
2025-09-27T11:27:48.581117,443,Right,Right_Open_Hand
2025-09-27T11:27:48.581117,443,Left,Left_Open_Hand
2025-09-27T11:27:48.617393,444,Right,Right_Open_Hand
2025-09-27T11:27:48.617393,444,Left,Left_Open_Hand
2025-09-27T11:27:48.655771,445,Right,Right_Open_Hand
2025-09-27T11:27:48.655771,445,Left,Left_Open_Hand
2025-09-27T11:27:48.726808,446,Right,Right_Open_Hand
2025-09-27T11:27:48.727807,446,Left,Left_Open_Hand
2025-09-27T11:27:48.784687,447,Right,Right_Open_Hand
2025-09-27T11:27:48.784687,447,Left,Left_Open_Hand
2025-09-27T11:27:48.842629,448,Right,Right_Hand_Down
2025-09-27T11:27:48.842629,448,Left,Left_Open_Hand
2025-09-27T11:27:48.877225,449,Right,Right_Thumbs_Up
2025-09-27T11:27:48.877225,449,Left,Left_Open_Hand
2025-09-27T11:27:48.927227,450,Right,Right_Thumbs_Down
2025-09-27T11:27:48.927227,450,Left,Left_Thumbs_Down
2025-09-27T11:27:49.001037,451,Right,Right_Thumbs_Down
2025-09-27T11:27:49.001037,451,Left,Left_Thumbs_Down
2025-09-27T11:27:49.061557,452,Right,Right_Thumbs_Down
2025-09-27T11:27:49.061557,452,Left,Left_Thumbs_Down
2025-09-27T11:27:49.111115,453,Right,Right_Thumbs_Down
2025-09-27T11:27:49.111115,453,Left,Left_Thumbs_Down
2025-09-27T11:27:49.170544,454,Right,Right_Thumbs_Down
2025-09-27T11:27:49.170544,454,Left,Left_Thumbs_Down
2025-09-27T11:27:49.237247,455,Right,Right_Thumbs_Down
2025-09-27T11:27:49.237247,455,Left,Left_Thumbs_Down
2025-09-27T11:27:49.280770,456,Right,Right_Thumbs_Down
2025-09-27T11:27:49.280770,456,Left,Left_Thumbs_Down
2025-09-27T11:27:49.330389,457,Right,Right_Thumbs_Down
2025-09-27T11:27:49.330389,457,Left,Left_Thumbs_Down
2025-09-27T11:27:49.374950,458,Right,Right_Thumbs_Down
2025-09-27T11:27:49.374950,458,Left,Left_Thumbs_Down
2025-09-27T11:27:49.425761,459,Right,Right_Thumbs_Down
2025-09-27T11:27:49.425761,459,Left,Left_Thumbs_Down
2025-09-27T11:27:49.479552,460,Right,Right_Thumbs_Down
2025-09-27T11:27:49.479552,460,Left,Left_Thumbs_Down
2025-09-27T11:27:49.533800,461,Right,Right_Thumbs_Down
2025-09-27T11:27:49.533800,461,Left,Left_Thumbs_Down
2025-09-27T11:27:49.568901,462,Right,Right_Thumbs_Down
2025-09-27T11:27:49.568901,462,Left,Left_Thumbs_Down
2025-09-27T11:27:49.619862,463,Right,Right_Thumbs_Down
2025-09-27T11:27:49.619862,463,Left,Left_Thumbs_Down
2025-09-27T11:27:49.674434,464,Right,Right_Thumbs_Down
2025-09-27T11:27:49.674434,464,Left,Left_Thumbs_Down
2025-09-27T11:27:49.719862,465,Right,Right_Thumbs_Down
2025-09-27T11:27:49.719862,465,Left,Left_Thumbs_Down
2025-09-27T11:27:49.786378,466,Right,Right_Thumbs_Down
2025-09-27T11:27:49.786378,466,Left,Left_Thumbs_Down
2025-09-27T11:27:49.836363,467,Right,Right_Thumbs_Down
2025-09-27T11:27:49.836363,467,Left,Left_Thumbs_Down
2025-09-27T11:27:49.887248,468,Right,Right_Thumbs_Down
2025-09-27T11:27:49.887248,468,Left,Left_Thumbs_Down
2025-09-27T11:27:49.953555,469,Right,Right_Thumbs_Down
2025-09-27T11:27:49.953555,469,Left,Left_Thumbs_Down
2025-09-27T11:27:50.015571,470,Right,Right_Thumbs_Down
2025-09-27T11:27:50.015571,470,Left,Left_Thumbs_Down
2025-09-27T11:27:50.070852,471,Right,Right_Thumbs_Down
2025-09-27T11:27:50.071929,471,Left,Left_Thumbs_Down
2025-09-27T11:27:50.119038,472,Right,Right_Thumbs_Down
2025-09-27T11:27:50.119038,472,Left,Left_Thumbs_Down
2025-09-27T11:27:50.183302,473,Right,Right_Thumbs_Down
2025-09-27T11:27:50.183302,473,Left,Left_Thumbs_Down
2025-09-27T11:27:50.240543,474,Right,Right_Thumbs_Down
2025-09-27T11:27:50.240543,474,Left,Left_Thumbs_Down
2025-09-27T11:27:50.287432,475,Right,Right_Thumbs_Down
2025-09-27T11:27:50.287432,475,Left,Left_Thumbs_Down
2025-09-27T11:27:50.353011,476,Right,Right_Thumbs_Down
2025-09-27T11:27:50.353011,476,Left,Left_Thumbs_Down
2025-09-27T11:27:50.424961,477,Right,Right_Thumbs_Down
2025-09-27T11:27:50.424961,477,Left,Left_Thumbs_Down
2025-09-27T11:27:50.469193,478,Right,Right_Thumbs_Down
2025-09-27T11:27:50.469193,478,Left,Left_Thumbs_Down
2025-09-27T11:27:50.523507,479,Right,Right_Thumbs_Down
2025-09-27T11:27:50.523507,479,Left,Left_Thumbs_Down
2025-09-27T11:27:50.561417,480,Right,Right_Thumbs_Down
2025-09-27T11:27:50.561417,480,Left,Left_Thumbs_Down
2025-09-27T11:27:50.605388,481,Right,Right_Thumbs_Down
2025-09-27T11:27:50.605388,481,Left,Left_Thumbs_Down
2025-09-27T11:27:50.662020,482,Right,Right_Thumbs_Up
2025-09-27T11:27:50.713998,483,Right,Right_Thumbs_Down
2025-09-27T11:27:50.764610,484,Right,Right_Thumbs_Down
2025-09-27T11:27:50.815344,485,Right,Right_Thumbs_Up
2025-09-27T11:27:50.882347,486,Right,Right_Thumbs_Up
2025-09-27T11:27:50.948837,487,Right,Right_Thumbs_Down
2025-09-27T11:27:50.999418,488,Right,Right_Thumbs_Down
2025-09-27T11:27:51.069840,489,Right,Right_IndexThumb_Open
2025-09-27T11:27:51.124838,490,Right,Right_IndexThumb_Open
2025-09-27T11:27:51.188568,491,Right,Right_IndexThumb_Open
2025-09-27T11:27:51.257961,492,Right,Right_IndexThumb_Open
2025-09-27T11:27:51.307721,493,Right,Right_IndexThumb_Open
2025-09-27T11:27:51.373931,494,Right,Right_IndexThumb_Open
2025-09-27T11:27:51.453171,495,Right,Right_IndexThumb_Open
2025-09-27T11:27:51.523505,496,Right,Right_IndexThumb_Open
2025-09-27T11:27:51.581260,497,Right,Right_IndexThumb_Open
2025-09-27T11:27:51.650936,498,Right,Right_IndexThumb_Open
2025-09-27T11:27:51.718721,499,Right,Right_IndexThumb_Open
2025-09-27T11:27:51.781046,500,Right,Right_IndexThumb_Open
2025-09-27T11:27:51.830775,501,Right,Right_IndexThumb_Open
2025-09-27T11:27:51.874140,502,Right,Right_IndexThumb_Open
2025-09-27T11:27:51.908872,503,Right,Right_IndexThumb_Open
2025-09-27T11:27:51.967370,504,Right,Right_IndexThumb_Open
2025-09-27T11:27:52.037062,505,Right,Right_IndexThumb_Open
2025-09-27T11:27:52.076801,506,Right,Right_IndexThumb_Open
2025-09-27T11:27:52.126858,507,Right,Right_IndexThumb_Open
2025-09-27T11:27:52.181521,508,Right,Right_IndexThumb_Open
2025-09-27T11:27:52.209997,509,Right,Right_IndexThumb_Open
2025-09-27T11:27:52.253073,510,Right,Right_IndexThumb_Open
2025-09-27T11:27:52.310261,511,Right,Right_IndexThumb_Open
2025-09-27T11:27:52.360669,512,Right,Right_IndexThumb_Open
2025-09-27T11:27:52.428274,513,Right,Right_IndexThumb_Open
2025-09-27T11:27:52.484348,514,Right,Right_IndexThumb_Open
2025-09-27T11:27:52.531663,515,Right,Right_IndexThumb_Open
2025-09-27T11:27:52.605047,516,Right,Right_IndexThumb_Open
2025-09-27T11:27:52.640755,517,Right,Right_IndexThumb_Open
2025-09-27T11:27:52.730140,518,Right,Right_IndexThumb_Open
2025-09-27T11:27:52.768844,519,Right,Right_IndexThumb_Open
2025-09-27T11:27:52.834862,520,Right,Right_IndexThumb_Open
2025-09-27T11:27:52.884550,521,Right,Right_1Fingers
2025-09-27T11:27:52.939964,522,Right,Right_1Fingers
2025-09-27T11:27:52.973806,523,Right,Right_1Fingers
2025-09-27T11:27:53.019754,524,Right,Right_1Fingers
2025-09-27T11:27:53.063817,525,Right,Right_Hand_Down
2025-09-27T11:27:53.146181,526,Right,Right_1Fingers
2025-09-27T11:27:53.186531,527,Right,Right_3Fingers
2025-09-27T11:27:53.264827,528,Right,Right_2Fingers
2025-09-27T11:27:53.330063,529,Right,Right_3Fingers
2025-09-27T11:27:53.389739,530,Right,Right_3Fingers
2025-09-27T11:27:53.423228,531,Right,Right_3Fingers
2025-09-27T11:27:53.483577,532,Right,Right_4Fingers
2025-09-27T11:27:53.517788,533,Right,Right_4Fingers
2025-09-27T11:27:53.552406,534,Right,Right_4Fingers
2025-09-27T11:27:53.624751,535,Right,Right_4Fingers
2025-09-27T11:27:53.657851,536,Right,Right_4Fingers
2025-09-27T11:27:53.702438,537,Right,Right_4Fingers
2025-09-27T11:27:53.732945,538,Right,Right_4Fingers
2025-09-27T11:27:53.780581,539,Right,Right_3Fingers
2025-09-27T11:27:53.845498,540,Right,Right_4Fingers
2025-09-27T11:27:53.908509,541,Right,Right_4Fingers
2025-09-27T11:27:53.937443,542,Right,Right_4Fingers
2025-09-27T11:27:53.986673,543,Right,Right_4Fingers
2025-09-27T11:27:54.030783,544,Right,Right_4Fingers
2025-09-27T11:27:54.064525,545,Right,Right_4Fingers
2025-09-27T11:27:54.139688,546,Right,Right_4Fingers
2025-09-27T11:27:54.174584,547,Right,Right_4Fingers
2025-09-27T11:27:54.236265,548,Right,Right_4Fingers
2025-09-27T11:27:54.297126,549,Right,Right_3Fingers
2025-09-27T11:27:54.359566,550,Right,Right_4Fingers
2025-09-27T11:27:54.410355,551,Right,Right_4Fingers
2025-09-27T11:27:54.463824,552,Right,Right_4Fingers
2025-09-27T11:27:54.537590,553,Right,Right_4Fingers
2025-09-27T11:27:54.593545,554,Right,Right_4Fingers
2025-09-27T11:27:54.633884,555,Right,Right_4Fingers
2025-09-27T11:27:54.699360,556,Right,Right_4Fingers
2025-09-27T11:27:54.766770,557,Right,Right_4Fingers
2025-09-27T11:27:54.812080,558,Right,Right_4Fingers
2025-09-27T11:27:54.878828,559,Right,Right_4Fingers
2025-09-27T11:27:54.921060,560,Right,Right_3Fingers
2025-09-27T11:27:54.954597,561,Right,Right_4Fingers
2025-09-27T11:27:55.016661,562,Right,Right_4Fingers
2025-09-27T11:27:55.048047,563,Right,Right_4Fingers
2025-09-27T11:27:55.083425,564,Right,Right_3Fingers
2025-09-27T11:27:55.144838,565,Right,Right_4Fingers
2025-09-27T11:27:55.189315,566,Right,Right_4Fingers
2025-09-27T11:27:55.250118,567,Right,Right_4Fingers
2025-09-27T11:27:55.293976,568,Right,Right_4Fingers
2025-09-27T11:27:55.320045,569,Right,Right_4Fingers
2025-09-27T11:27:55.374280,570,Right,Right_3Fingers
2025-09-27T11:27:55.420104,571,Right,Right_3Fingers
2025-09-27T11:27:55.453324,572,Right,Right_3Fingers
2025-09-27T11:27:55.515095,573,Right,Right_3Fingers
2025-09-27T11:27:55.582379,574,Right,Right_2Fingers
2025-09-27T11:27:55.633526,575,Right,Right_3Fingers
2025-09-27T11:27:55.665119,576,Right,Right_2Fingers
2025-09-27T11:27:55.718773,577,Right,Right_3Fingers
2025-09-27T11:27:55.761211,578,Right,Right_3Fingers
2025-09-27T11:27:55.820681,579,Right,Right_2Fingers
2025-09-27T11:27:55.891259,580,Right,Right_IndexThumb_Open
2025-09-27T11:27:55.952772,581,Right,Right_3Fingers
2025-09-27T11:27:56.015687,582,Right,Right_Open_Hand
2025-09-27T11:27:56.062336,583,Right,Right_3Fingers
2025-09-27T11:27:56.123982,584,Right,Right_3Fingers
2025-09-27T11:27:56.170484,585,Right,Right_3Fingers
2025-09-27T11:27:56.220529,586,Right,Right_3Fingers
2025-09-27T11:27:56.280401,587,Right,Right_3Fingers
2025-09-27T11:27:56.320678,588,Right,Right_3Fingers
2025-09-27T11:27:56.348103,589,Right,Right_2Fingers
2025-09-27T11:27:56.427894,590,Right,Right_3Fingers
2025-09-27T11:27:56.483798,591,Right,Right_Thumbs_Up
2025-09-27T11:27:56.533931,592,Right,Right_2Fingers
2025-09-27T11:27:56.567580,593,Right,Right_2Fingers
2025-09-27T11:27:56.633116,594,Right,Right_Thumbs_Up
2025-09-27T11:27:56.686893,595,Right,Right_IndexThumb_Open
2025-09-27T11:27:56.761612,596,Right,Right_IndexThumb_Open
2025-09-27T11:27:56.811943,597,Right,Right_IndexThumb_Open
2025-09-27T11:27:56.862662,598,Right,Right_1Fingers
2025-09-27T11:27:56.896093,599,Right,Right_1Fingers
2025-09-27T11:27:56.948444,600,Right,Right_IndexThumb_Open
2025-09-27T11:27:56.998283,601,Right,Right_IndexThumb_Open
2025-09-27T11:27:57.045950,602,Right,Right_1Fingers
2025-09-27T11:27:57.095970,603,Right,Right_1Fingers
2025-09-27T11:27:57.139326,604,Right,Right_1Fingers
2025-09-27T11:27:57.206139,605,Right,Right_1Fingers
2025-09-27T11:27:57.248557,606,Right,Right_1Fingers
2025-09-27T11:27:57.283223,607,Right,Right_1Fingers
2025-09-27T11:27:57.322549,608,Right,Right_1Fingers
2025-09-27T11:27:57.362666,609,Right,Right_1Fingers
2025-09-27T11:27:57.400659,610,Right,Right_1Fingers
2025-09-27T11:27:57.435256,611,Right,Right_1Fingers
2025-09-27T11:27:57.485064,612,Right,Right_1Fingers
2025-09-27T11:27:57.546718,613,Right,Right_2Fingers
2025-09-27T11:27:57.610747,614,Right,Right_3Fingers
2025-09-27T11:27:57.675449,615,Right,Right_4Fingers
2025-09-27T11:27:57.745391,616,Right,Right_Thumbs_Up
2025-09-27T11:27:57.784386,617,Right,Right_2Fingers
2025-09-27T11:27:57.850688,618,Left,Left_3Fingers
2025-09-27T11:27:57.850688,618,Right,Right_3Fingers
2025-09-27T11:27:57.910122,619,Left,Left_Thumbs_Up
2025-09-27T11:27:57.961205,620,Left,Left_4Fingers
2025-09-27T11:27:58.015183,621,Left,Left_Open_Hand
2025-09-27T11:27:58.060324,622,Left,Left_Thumbs_Up
2025-09-27T11:27:58.105521,623,Left,Left_4Fingers
2025-09-27T11:27:58.155316,624,Left,Left_3Fingers
2025-09-27T11:27:58.202511,625,Left,Left_3Fingers
2025-09-27T11:27:58.269146,626,Left,Left_3Fingers
2025-09-27T11:27:58.321624,627,Left,Left_3Fingers
2025-09-27T11:27:58.353080,628,Left,Left_IndexThumb_Open
2025-09-27T11:27:58.406406,629,Left,Left_3Fingers
2025-09-27T11:27:58.455393,630,Left,Left_3Fingers
2025-09-27T11:27:58.509160,631,Left,Left_3Fingers
2025-09-27T11:27:58.558262,632,Left,Left_4Fingers
2025-09-27T11:27:58.615159,633,Left,Left_3Fingers
2025-09-27T11:27:58.641367,634,Left,Left_IndexThumb_Open
2025-09-27T11:27:58.735076,635,Left,Left_4Fingers
2025-09-27T11:27:58.764396,636,Left,Left_4Fingers
2025-09-27T11:27:58.827736,637,Left,Left_3Fingers
2025-09-27T11:27:58.859615,638,Left,Left_IndexThumb_Open
2025-09-27T11:27:58.952163,639,Left,Left_4Fingers
2025-09-27T11:27:59.000908,640,Left,Left_3Fingers
2025-09-27T11:27:59.059887,641,Left,Left_4Fingers
2025-09-27T11:27:59.112186,642,Left,Left_4Fingers
2025-09-27T11:27:59.178232,643,Left,Left_4Fingers
2025-09-27T11:27:59.244920,644,Left,Left_IndexThumb_Open
2025-09-27T11:27:59.296056,645,Left,Left_3Fingers
2025-09-27T11:27:59.345910,646,Left,Left_3Fingers
2025-09-27T11:27:59.390436,647,Left,Left_4Fingers
2025-09-27T11:27:59.427580,648,Left,Left_4Fingers
2025-09-27T11:27:59.483666,649,Left,Left_IndexThumb_Open
2025-09-27T11:27:59.534560,650,Left,Left_4Fingers
2025-09-27T11:27:59.569421,651,Left,Left_4Fingers
2025-09-27T11:27:59.652248,652,Left,Left_3Fingers
2025-09-27T11:27:59.703137,653,Left,Left_Thumbs_Down
2025-09-27T11:28:00.533682,672,Left,Left_Hand_Down
2025-09-27T11:28:00.596408,673,Left,Left_Hand_Down
2025-09-27T11:28:00.652201,674,Left,Left_Hand_Down
2025-09-27T11:28:00.726402,675,Left,Left_Hand_Down
2025-09-27T11:28:00.780097,676,Left,Left_Hand_Down
2025-09-27T11:28:00.831531,677,Left,Left_Hand_Down
2025-09-27T11:28:00.874211,678,Left,Left_Hand_Down
2025-09-27T11:28:00.931806,679,Left,Left_Hand_Down
2025-09-27T11:28:00.975548,680,Left,Left_Hand_Down
2025-09-27T11:28:01.035995,681,Left,Left_Hand_Down
2025-09-27T11:28:01.078492,682,Left,Left_Hand_Down
2025-09-27T11:28:01.144570,683,Left,Left_Hand_Down
2025-09-27T11:28:01.203043,684,Left,Left_Hand_Down
2025-09-27T11:28:01.253091,685,Left,Left_Hand_Down
2025-09-27T11:28:01.319176,686,Left,Left_Hand_Down
2025-09-27T11:28:01.402716,687,Left,Left_Hand_Down
2025-09-27T11:28:01.455654,688,Left,Left_Hand_Down
2025-09-27T11:28:01.515128,689,Left,Left_Hand_Down
2025-09-27T11:28:01.583213,690,Left,Left_Hand_Down
2025-09-27T11:28:01.633897,691,Left,Left_Hand_Down
2025-09-27T11:28:01.684195,692,Left,Left_Hand_Down
2025-09-27T11:28:01.735176,693,Left,Left_Hand_Down
2025-09-27T11:28:01.819727,694,Left,Left_Hand_Down
2025-09-27T11:28:01.867599,695,Left,Left_Hand_Down
2025-09-27T11:28:01.918156,696,Left,Left_Hand_Down
2025-09-27T11:28:01.984161,697,Left,Left_Hand_Down
2025-09-27T11:28:02.061571,698,Left,Left_Hand_Down
2025-09-27T11:28:02.112132,699,Left,Left_Hand_Down
2025-09-27T11:28:02.171904,700,Left,Left_Hand_Down
2025-09-27T11:28:02.222053,701,Left,Left_Hand_Down
2025-09-27T11:28:02.286396,702,Left,Left_Hand_Down
2025-09-27T11:28:02.372429,703,Left,Left_Hand_Down
2025-09-27T11:28:02.423305,704,Left,Left_Hand_Down
2025-09-27T11:28:02.483261,705,Left,Left_Hand_Down
2025-09-27T11:28:02.561070,706,Left,Left_Hand_Down
2025-09-27T11:28:02.640838,707,Left,Left_1Fingers
2025-09-27T11:28:02.702501,708,Left,Left_Hand_Down
2025-09-27T11:28:02.768865,709,Left,Left_Hand_Down
2025-09-27T11:28:02.845785,710,Left,Left_Hand_Down
2025-09-27T11:28:02.918808,711,Left,Left_Hand_Down
2025-09-27T11:28:02.987179,712,Left,Left_Hand_Down
2025-09-27T11:28:03.078761,713,Left,Left_Hand_Down
2025-09-27T11:28:03.140011,714,Left,Left_Hand_Down
2025-09-27T11:28:03.232952,715,Left,Left_Hand_Down
2025-09-27T11:28:03.293292,716,Left,Left_Hand_Down
2025-09-27T11:28:03.369800,717,Left,Left_Hand_Down
2025-09-27T11:28:03.424316,718,Left,Left_Hand_Down
2025-09-27T11:28:03.499841,719,Left,Left_Hand_Down
2025-09-27T11:28:03.561129,720,Left,Left_Hand_Down
2025-09-27T11:28:03.638427,721,Left,Left_Hand_Down
2025-09-27T11:28:03.703840,722,Left,Left_Hand_Down
2025-09-27T11:28:03.775398,723,Left,Left_Hand_Down
2025-09-27T11:28:03.863810,724,Left,Left_Hand_Down
2025-09-27T11:28:03.933395,725,Left,Left_1Fingers
2025-09-27T11:28:04.002339,726,Left,Left_1Fingers
2025-09-27T11:28:04.079336,727,Left,Left_Hand_Down
2025-09-27T11:28:04.139897,728,Left,Left_Hand_Down
2025-09-27T11:28:04.202301,729,Left,Left_Hand_Down
2025-09-27T11:28:04.268569,730,Left,Left_1Fingers
2025-09-27T11:28:04.365231,731,Left,Left_Hand_Down
2025-09-27T11:28:04.469136,732,Right,Right_Hand_Down
2025-09-27T11:28:04.469136,732,Left,Left_Hand_Down
2025-09-27T11:28:04.546271,733,Right,Right_Hand_Down
2025-09-27T11:28:04.546271,733,Left,Left_Hand_Down
2025-09-27T11:28:04.624190,734,Right,Right_Hand_Down
2025-09-27T11:28:04.624190,734,Left,Left_Hand_Down
2025-09-27T11:28:04.706761,735,Right,Right_Hand_Down
2025-09-27T11:28:04.707853,735,Left,Left_Hand_Down
2025-09-27T11:28:04.780808,736,Right,Right_Hand_Down
2025-09-27T11:28:04.780808,736,Left,Left_Hand_Down
2025-09-27T11:28:04.859151,737,Right,Right_Hand_Down
2025-09-27T11:28:04.859151,737,Left,Left_Hand_Down
2025-09-27T11:28:04.928287,738,Right,Right_Hand_Down
2025-09-27T11:28:04.928287,738,Left,Left_Hand_Down
2025-09-27T11:28:04.985169,739,Right,Right_Hand_Down
2025-09-27T11:28:04.985169,739,Left,Left_Hand_Down
2025-09-27T11:28:05.059298,740,Right,Right_Hand_Down
2025-09-27T11:28:05.059298,740,Left,Left_Hand_Down
2025-09-27T11:28:05.130183,741,Right,Right_Hand_Down
2025-09-27T11:28:05.130183,741,Left,Left_Hand_Down
2025-09-27T11:28:05.213899,742,Right,Right_Hand_Down
2025-09-27T11:28:05.213899,742,Left,Left_Hand_Down
2025-09-27T11:28:05.279915,743,Right,Right_Hand_Down
2025-09-27T11:28:05.279915,743,Left,Left_Hand_Down
2025-09-27T11:28:05.342886,744,Right,Right_Hand_Down
2025-09-27T11:28:05.342886,744,Left,Left_Hand_Down
2025-09-27T11:28:05.406488,745,Right,Right_Hand_Down
2025-09-27T11:28:05.406488,745,Left,Left_Hand_Down
2025-09-27T11:28:05.499283,746,Right,Right_Hand_Down
2025-09-27T11:28:05.499283,746,Left,Left_Hand_Down
2025-09-27T11:28:05.566201,747,Right,Right_Hand_Down
2025-09-27T11:28:05.566201,747,Left,Left_Hand_Down
2025-09-27T11:28:05.656465,748,Right,Right_Hand_Down
2025-09-27T11:28:05.656465,748,Left,Left_Hand_Down
2025-09-27T11:28:05.718118,749,Right,Right_Hand_Down
2025-09-27T11:28:05.718118,749,Left,Left_Hand_Down
2025-09-27T11:28:05.784792,750,Right,Right_Hand_Down
2025-09-27T11:28:05.784792,750,Left,Left_Hand_Down
2025-09-27T11:28:05.859253,751,Right,Right_Hand_Down
2025-09-27T11:28:05.859253,751,Left,Left_Hand_Down
2025-09-27T11:28:05.944867,752,Right,Right_Hand_Down
2025-09-27T11:28:05.944867,752,Left,Left_Hand_Down
2025-09-27T11:28:06.025527,753,Right,Right_Hand_Down
2025-09-27T11:28:06.028678,753,Left,Left_Hand_Down
2025-09-27T11:28:06.086602,754,Right,Right_Hand_Down
2025-09-27T11:28:06.086602,754,Left,Left_Hand_Down
2025-09-27T11:28:06.128610,755,Right,Right_Hand_Down
2025-09-27T11:28:06.128610,755,Left,Left_Hand_Down
2025-09-27T11:28:06.155164,756,Right,Right_Hand_Down
2025-09-27T11:28:06.170960,756,Left,Left_Hand_Down
2025-09-27T11:28:06.221792,757,Right,Right_Hand_Down
2025-09-27T11:28:06.221792,757,Left,Left_Hand_Down
2025-09-27T11:28:06.280454,758,Right,Right_Hand_Down
2025-09-27T11:28:06.280454,758,Left,Left_Hand_Down
2025-09-27T11:28:06.351705,759,Right,Right_Hand_Down
2025-09-27T11:28:06.351705,759,Left,Left_Hand_Down
2025-09-27T11:28:06.390069,760,Right,Right_Hand_Down
2025-09-27T11:28:06.390069,760,Left,Left_Hand_Down
2025-09-27T11:28:06.445765,761,Right,Right_Hand_Down
2025-09-27T11:28:06.445765,761,Left,Left_Hand_Down
2025-09-27T11:28:06.506970,762,Right,Right_Hand_Down
2025-09-27T11:28:06.506970,762,Left,Left_Hand_Down
